Microsemi Libero Software
Version: 11.9.6.7
Release: v11.9 SP6

Created a new design.
'BA_NAME' set to 'test_sim_ba'
'IDE_DESIGNERVIEW_NAME' set to 'Impl1'
'IDE_DESIGNERVIEW_COUNT' set to '1'
'IDE_DESIGNERVIEW_REV0' set to 'Impl1'
'IDE_DESIGNERVIEW_REVNUM0' set to '1'
'IDE_DESIGNERVIEW_ROOTDIR' set to 'C:\Users\Utente\Desktop\ROMEO_FPGA\LP-Software-FPGA\designer'
'IDE_DESIGNERVIEW_LASTREV' set to '1'
'DESDIR' set to 'C:/Users/Utente/Desktop/ROMEO_FPGA/LP-Software-FPGA/designer/impl1'
'BA_DIR' set to 'C:/Users/Utente/Desktop/ROMEO_FPGA/LP-Software-FPGA/designer/impl1'
'BA_NETLIST_ALSO' set to '1'
'EDNINFLAVOR' set to 'GENERIC'
'NETLIST_NAMING_STYLE' set to 'VHDL93'
'EXPORT_STATUS_REPORT' set to '1'
'EXPORT_STATUS_REPORT_FILENAME' set to 'test_sim.rpt'
'AUDIT_NETLIST_FILE' set to '1'
'AUDIT_DCF_FILE' set to '1'
'AUDIT_PIN_FILE' set to '1'
'AUDIT_ADL_FILE' set to '1'

 Netlist Reading Time = 0.0 seconds
Imported the file:
   C:\Users\Utente\Desktop\ROMEO_FPGA\LP-Software-FPGA\synthesis\test_sim.edn

The Import command succeeded ( 00:00:02 )
Wrote to the file: ..\..\synthesis\test_sim.vhd

The Export command succeeded ( 00:00:02 )

The Execute Script command succeeded ( 00:00:16 )
Warning: The database was closed without a save, modifications are lost
Design closed.

