Microsemi Libero Software
Version: 11.9.6.7
Release: v11.9 SP6

Info: The design C:\Users\Utente\Desktop\ROMEO_FPGA\LP-Software-FPGA\designer\impl1\Toplevel.adb
      was last modified by software version 11.9.6.7.
Opened an existing Libero design
C:\Users\Utente\Desktop\ROMEO_FPGA\LP-Software-FPGA\designer\impl1\Toplevel.adb.
'BA_NAME' set to 'Toplevel_ba'
'KEEP_EXISTING_PHYSICAL_CONSTRAINTS' set to '1'
'SDC_IMPORT_MERGE' set to '1'
'IDE_DESIGNERVIEW_NAME' set to 'Impl1'
'IDE_DESIGNERVIEW_COUNT' set to '1'
'IDE_DESIGNERVIEW_REV0' set to 'Impl1'
'IDE_DESIGNERVIEW_REVNUM0' set to '1'
'IDE_DESIGNERVIEW_ROOTDIR' set to 'C:\Users\Utente\Desktop\ROMEO_FPGA\LP-Software-FPGA\designer'
'IDE_DESIGNERVIEW_LASTREV' set to '1'

The Execute Script command succeeded ( 00:00:00 )
Error: Unable to start the PDF reader.
Design saved to file
C:\Users\Utente\Desktop\ROMEO_FPGA\LP-Software-FPGA\designer\impl1\Toplevel.adb.
Wrote pin report to file:
C:\Users\Utente\Desktop\ROMEO_FPGA\LP-Software-FPGA\designer\impl1\Toplevel_report_pin_byname.t\
xt

The Report command succeeded ( 00:00:00 )
Wrote pin report to file:
C:\Users\Utente\Desktop\ROMEO_FPGA\LP-Software-FPGA\designer\impl1\Toplevel_report_pin_bynumber\
.txt

The Report command succeeded ( 00:00:01 )

The Execute Script command succeeded ( 00:00:01 )
Design closed.

