Timing Violation Report Min Delay Analysis

SmartTime Version v11.9 SP3
Microsemi Corporation - Microsemi Libero Software Release v11.9 SP3 (Version 11.9.3.5)
Date: Tue May 14 13:18:35 2019


Design: Toplevel
Family: ProASIC3
Die: A3P250
Package: 100 VQFP
Temperature Range: 0 - 70 C
Voltage Range: 1.425 - 1.575 V
Speed Grade: STD
Design State: Post-Layout
Data source: Silicon verified
Min Operating Conditions: BEST - 1.575 V - 0 C
Max Operating Conditions: WORST - 1.425 V - 70 C
Using Enhanced Min Delay Analysis
Scenario for Timing Analysis: Primary


Path 1
  From:                  Status_Readout_0/send[4]:CLK
  To:                    Communications_0/RMU_UART/tx_hold_reg[4]:D
  Delay (ns):            0.324
  Slack (ns):            0.261
  Arrival (ns):          1.860
  Required (ns):         1.599

Path 2
  From:                  Status_Readout_0/send[3]:CLK
  To:                    Communications_0/RMU_UART/tx_hold_reg[3]:D
  Delay (ns):            0.324
  Slack (ns):            0.261
  Arrival (ns):          1.860
  Required (ns):         1.599

Path 3
  From:                  Status_Readout_0/send[5]:CLK
  To:                    Communications_0/RMU_UART/tx_hold_reg[5]:D
  Delay (ns):            0.324
  Slack (ns):            0.261
  Arrival (ns):          1.860
  Required (ns):         1.599

Path 4
  From:                  Microcontroller_0/Data_Saving_0/FPGABuffer_0/DFN1C0_8:CLK
  To:                    Microcontroller_0/Data_Saving_0/FPGABuffer_0/\\DFN1C0_WGRYSYNC[2]\\:D
  Delay (ns):            0.329
  Slack (ns):            0.266
  Arrival (ns):          1.822
  Required (ns):         1.556

Path 5
  From:                  Communications_0/UC_UART/make_RX/rx_shift[0]:CLK
  To:                    Communications_0/UC_UART/make_RX/rx_byte_xhdl5[0]:D
  Delay (ns):            0.324
  Slack (ns):            0.271
  Arrival (ns):          1.889
  Required (ns):         1.618

Path 6
  From:                  Microcontroller_0/uC_Status_0/read_byte[4]:CLK
  To:                    Microcontroller_0/uC_Status_0/adc_chan6[4]:D
  Delay (ns):            0.337
  Slack (ns):            0.285
  Arrival (ns):          1.878
  Required (ns):         1.593

Path 7
  From:                  Communications_0/UC_UART/make_RX/rx_byte_xhdl5[6]:CLK
  To:                    Microcontroller_0/uC_Status_0/read_byte[6]:D
  Delay (ns):            0.324
  Slack (ns):            0.292
  Arrival (ns):          1.910
  Required (ns):         1.618

Path 8
  From:                  Communications_0/UC_UART/make_RX/rx_byte_xhdl5[7]:CLK
  To:                    Microcontroller_0/uC_Status_0/read_byte[7]:D
  Delay (ns):            0.324
  Slack (ns):            0.292
  Arrival (ns):          1.910
  Required (ns):         1.618

Path 9
  From:                  FFU_Command_Checker_0/command_out[7]:CLK
  To:                    General_Controller_0/s_command[7]:D
  Delay (ns):            0.324
  Slack (ns):            0.295
  Arrival (ns):          1.895
  Required (ns):         1.600

Path 10
  From:                  Status_Readout_0/send[2]:CLK
  To:                    Communications_0/RMU_UART/tx_hold_reg[2]:D
  Delay (ns):            0.324
  Slack (ns):            0.295
  Arrival (ns):          1.894
  Required (ns):         1.599

Path 11
  From:                  FFU_Command_Checker_0/command_out[3]:CLK
  To:                    General_Controller_0/s_command[3]:D
  Delay (ns):            0.324
  Slack (ns):            0.295
  Arrival (ns):          1.895
  Required (ns):         1.600

Path 12
  From:                  Communications_0/RMU_UART/tx_hold_reg[5]:CLK
  To:                    Communications_0/RMU_UART/make_TX/tx_byte[5]:D
  Delay (ns):            0.324
  Slack (ns):            0.295
  Arrival (ns):          1.894
  Required (ns):         1.599

Path 13
  From:                  FFU_Command_Checker_0/command_out[5]:CLK
  To:                    General_Controller_0/s_command[5]:D
  Delay (ns):            0.324
  Slack (ns):            0.295
  Arrival (ns):          1.895
  Required (ns):         1.600

Path 14
  From:                  Communications_0/RMU_UART/tx_hold_reg[0]:CLK
  To:                    Communications_0/RMU_UART/make_TX/tx_byte[0]:D
  Delay (ns):            0.324
  Slack (ns):            0.295
  Arrival (ns):          1.894
  Required (ns):         1.599

Path 15
  From:                  Status_Readout_0/send[0]:CLK
  To:                    Communications_0/RMU_UART/tx_hold_reg[0]:D
  Delay (ns):            0.324
  Slack (ns):            0.295
  Arrival (ns):          1.894
  Required (ns):         1.599

Path 16
  From:                  FFU_Command_Checker_0/command_out[4]:CLK
  To:                    General_Controller_0/s_command[4]:D
  Delay (ns):            0.324
  Slack (ns):            0.295
  Arrival (ns):          1.895
  Required (ns):         1.600

Path 17
  From:                  Communications_0/RMU_UART/tx_hold_reg[3]:CLK
  To:                    Communications_0/RMU_UART/make_TX/tx_byte[3]:D
  Delay (ns):            0.324
  Slack (ns):            0.295
  Arrival (ns):          1.894
  Required (ns):         1.599

Path 18
  From:                  Communications_0/RMU_UART/tx_hold_reg[4]:CLK
  To:                    Communications_0/RMU_UART/make_TX/tx_byte[4]:D
  Delay (ns):            0.324
  Slack (ns):            0.295
  Arrival (ns):          1.894
  Required (ns):         1.599

Path 19
  From:                  FFU_Command_Checker_0/command_out[6]:CLK
  To:                    General_Controller_0/s_command[6]:D
  Delay (ns):            0.324
  Slack (ns):            0.295
  Arrival (ns):          1.895
  Required (ns):         1.600

Path 20
  From:                  Communications_0/UC_UART/make_RX/rx_shift[2]:CLK
  To:                    Communications_0/UC_UART/make_RX/rx_byte_xhdl5[2]:D
  Delay (ns):            0.349
  Slack (ns):            0.296
  Arrival (ns):          1.914
  Required (ns):         1.618

Path 21
  From:                  Communications_0/UC_UART/make_RX/rx_byte_xhdl5[3]:CLK
  To:                    Microcontroller_0/uC_Status_0/read_byte_0[3]:D
  Delay (ns):            0.350
  Slack (ns):            0.297
  Arrival (ns):          1.915
  Required (ns):         1.618

Path 22
  From:                  Communications_0/UC_UART/make_RX/rx_byte_xhdl5[3]:CLK
  To:                    Microcontroller_0/uC_Status_0/read_byte[3]:D
  Delay (ns):            0.350
  Slack (ns):            0.297
  Arrival (ns):          1.915
  Required (ns):         1.618

Path 23
  From:                  Microcontroller_0/Data_Saving_0/FPGABuffer_0/DFN1C0_10:CLK
  To:                    Microcontroller_0/Data_Saving_0/FPGABuffer_0/\\DFN1C0_WGRYSYNC[3]\\:D
  Delay (ns):            0.324
  Slack (ns):            0.299
  Arrival (ns):          1.855
  Required (ns):         1.556

Path 24
  From:                  Microcontroller_0/Data_Saving_0/FPGABuffer_0/DFN1C0_19:CLK
  To:                    Microcontroller_0/Data_Saving_0/FPGABuffer_0/\\DFN1C0_WGRYSYNC[4]\\:D
  Delay (ns):            0.324
  Slack (ns):            0.299
  Arrival (ns):          1.855
  Required (ns):         1.556

Path 25
  From:                  Microcontroller_0/Data_Saving_0/FPGABuffer_0/DFN1C0_25:CLK
  To:                    Microcontroller_0/Data_Saving_0/FPGABuffer_0/\\DFN1C0_WGRYSYNC[6]\\:D
  Delay (ns):            0.324
  Slack (ns):            0.299
  Arrival (ns):          1.855
  Required (ns):         1.556

Path 26
  From:                  Status_Readout_0/send[1]:CLK
  To:                    Communications_0/RMU_UART/tx_hold_reg[1]:D
  Delay (ns):            0.324
  Slack (ns):            0.300
  Arrival (ns):          1.873
  Required (ns):         1.573

Path 27
  From:                  Communications_0/RMU_UART/tx_hold_reg[1]:CLK
  To:                    Communications_0/RMU_UART/make_TX/tx_byte[1]:D
  Delay (ns):            0.324
  Slack (ns):            0.300
  Arrival (ns):          1.873
  Required (ns):         1.573

Path 28
  From:                  Microcontroller_0/Data_Saving_0/FPGABuffer_0/DFN1C0_17:CLK
  To:                    Microcontroller_0/Data_Saving_0/FPGABuffer_0/\\DFN1C0_RGRYSYNC[4]\\:D
  Delay (ns):            0.327
  Slack (ns):            0.301
  Arrival (ns):          1.861
  Required (ns):         1.560

Path 29
  From:                  Communications_0/RMU_UART/make_RX/rx_shift[0]:CLK
  To:                    Communications_0/RMU_UART/make_RX/rx_byte_xhdl5[0]:D
  Delay (ns):            0.324
  Slack (ns):            0.301
  Arrival (ns):          1.868
  Required (ns):         1.567

Path 30
  From:                  Microcontroller_0/Data_Saving_0/FPGABuffer_0/DFN1C0_20:CLK
  To:                    Microcontroller_0/Data_Saving_0/FPGABuffer_0/\\DFN1C0_RGRYSYNC[12]\\:D
  Delay (ns):            0.324
  Slack (ns):            0.302
  Arrival (ns):          1.870
  Required (ns):         1.568

Path 31
  From:                  Communications_0/UC_UART/make_RX/rx_byte_xhdl5[4]:CLK
  To:                    Microcontroller_0/uC_Status_0/read_byte[4]:D
  Delay (ns):            0.324
  Slack (ns):            0.302
  Arrival (ns):          1.865
  Required (ns):         1.563

Path 32
  From:                  Microcontroller_0/Data_Saving_0/FPGABuffer_0/DFN1C0_13:CLK
  To:                    Microcontroller_0/Data_Saving_0/FPGABuffer_0/\\DFN1C0_RGRYSYNC[6]\\:D
  Delay (ns):            0.324
  Slack (ns):            0.302
  Arrival (ns):          1.870
  Required (ns):         1.568

Path 33
  From:                  Microcontroller_0/Data_Saving_0/FPGABuffer_0/DFN1C0_21:CLK
  To:                    Microcontroller_0/Data_Saving_0/FPGABuffer_0/\\DFN1C0_WGRYSYNC[7]\\:D
  Delay (ns):            0.324
  Slack (ns):            0.303
  Arrival (ns):          1.837
  Required (ns):         1.534

Path 34
  From:                  Communications_0/RMU_UART/make_RX/rx_shift[2]:CLK
  To:                    Communications_0/RMU_UART/make_RX/rx_byte_xhdl5[2]:D
  Delay (ns):            0.324
  Slack (ns):            0.304
  Arrival (ns):          1.857
  Required (ns):         1.553

Path 35
  From:                  Microcontroller_0/Data_Saving_0/FPGABuffer_0/DFN1C0_7:CLK
  To:                    Microcontroller_0/Data_Saving_0/FPGABuffer_0/\\DFN1C0_WGRYSYNC[12]\\:D
  Delay (ns):            0.324
  Slack (ns):            0.304
  Arrival (ns):          1.835
  Required (ns):         1.531

Path 36
  From:                  Microcontroller_0/Data_Saving_0/FPGABuffer_0/DFN1C0_22:CLK
  To:                    Microcontroller_0/Data_Saving_0/FPGABuffer_0/\\DFN1C0_WGRYSYNC[11]\\:D
  Delay (ns):            0.324
  Slack (ns):            0.304
  Arrival (ns):          1.835
  Required (ns):         1.531

Path 37
  From:                  Microcontroller_0/Data_Saving_0/FPGABuffer_0/DFN1C0_14:CLK
  To:                    Microcontroller_0/Data_Saving_0/FPGABuffer_0/\\DFN1C0_RGRYSYNC[0]\\:D
  Delay (ns):            0.324
  Slack (ns):            0.304
  Arrival (ns):          1.856
  Required (ns):         1.552

Path 38
  From:                  Microcontroller_0/Data_Saving_0/FPGABuffer_0/DFN1C0_9:CLK
  To:                    Microcontroller_0/Data_Saving_0/FPGABuffer_0/\\DFN1C0_RGRYSYNC[8]\\:D
  Delay (ns):            0.324
  Slack (ns):            0.304
  Arrival (ns):          1.862
  Required (ns):         1.558

Path 39
  From:                  Microcontroller_0/Data_Saving_0/FPGABuffer_0/DFN1C0_1:CLK
  To:                    Microcontroller_0/Data_Saving_0/FPGABuffer_0/\\DFN1C0_RGRYSYNC[2]\\:D
  Delay (ns):            0.324
  Slack (ns):            0.304
  Arrival (ns):          1.856
  Required (ns):         1.552

Path 40
  From:                  Microcontroller_0/Data_Saving_0/FPGABuffer_0/DFN1C0_4:CLK
  To:                    Microcontroller_0/Data_Saving_0/FPGABuffer_0/\\DFN1C0_RGRYSYNC[5]\\:D
  Delay (ns):            0.324
  Slack (ns):            0.304
  Arrival (ns):          1.862
  Required (ns):         1.558

Path 41
  From:                  FFU_Command_Checker_0/command_out[2]:CLK
  To:                    General_Controller_0/s_command[2]:D
  Delay (ns):            0.324
  Slack (ns):            0.304
  Arrival (ns):          1.857
  Required (ns):         1.553

Path 42
  From:                  Microcontroller_0/Data_Saving_0/FPGABuffer_0/DFN1C0_2:CLK
  To:                    Microcontroller_0/Data_Saving_0/FPGABuffer_0/\\DFN1C0_WGRYSYNC[1]\\:D
  Delay (ns):            0.324
  Slack (ns):            0.304
  Arrival (ns):          1.829
  Required (ns):         1.525

Path 43
  From:                  Microcontroller_0/Data_Saving_0/FPGABuffer_0/DFN1C0_26:CLK
  To:                    Microcontroller_0/Data_Saving_0/FPGABuffer_0/\\DFN1C0_WGRYSYNC[8]\\:D
  Delay (ns):            0.327
  Slack (ns):            0.305
  Arrival (ns):          1.845
  Required (ns):         1.540

Path 44
  From:                  Microcontroller_0/Data_Saving_0/FPGABuffer_0/DFN1C0_12:CLK
  To:                    Microcontroller_0/Data_Saving_0/FPGABuffer_0/\\DFN1C0_RGRYSYNC[1]\\:D
  Delay (ns):            0.324
  Slack (ns):            0.305
  Arrival (ns):          1.857
  Required (ns):         1.552

Path 45
  From:                  Microcontroller_0/Data_Saving_0/FPGABuffer_0/DFN1C0_5:CLK
  To:                    Microcontroller_0/Data_Saving_0/FPGABuffer_0/\\DFN1C0_WGRYSYNC[10]\\:D
  Delay (ns):            0.327
  Slack (ns):            0.305
  Arrival (ns):          1.845
  Required (ns):         1.540

Path 46
  From:                  FFU_Command_Checker_0/command_out[1]:CLK
  To:                    General_Controller_0/s_command[1]:D
  Delay (ns):            0.327
  Slack (ns):            0.306
  Arrival (ns):          1.864
  Required (ns):         1.558

Path 47
  From:                  Microcontroller_0/Data_Saving_0/FPGABuffer_0/DFN1C0_24:CLK
  To:                    Microcontroller_0/Data_Saving_0/FPGABuffer_0/\\DFN1C0_RGRYSYNC[7]\\:D
  Delay (ns):            0.327
  Slack (ns):            0.306
  Arrival (ns):          1.866
  Required (ns):         1.560

Path 48
  From:                  Microcontroller_0/Data_Saving_0/FPGABuffer_0/DFN1C0_READ_RESET_P_0:CLK
  To:                    Microcontroller_0/Data_Saving_0/FPGABuffer_0/\\DFN1C0_WGRYSYNC[4]\\:CLR
  Delay (ns):            0.331
  Slack (ns):            0.306
  Arrival (ns):          1.862
  Required (ns):         1.556

Path 49
  From:                  Microcontroller_0/Data_Saving_0/FPGABuffer_0/DFN1C0_3:CLK
  To:                    Microcontroller_0/Data_Saving_0/FPGABuffer_0/\\DFN1C0_RGRYSYNC[9]\\:D
  Delay (ns):            0.324
  Slack (ns):            0.307
  Arrival (ns):          1.849
  Required (ns):         1.542

Path 50
  From:                  Microcontroller_0/Data_Saving_0/FPGABuffer_0/DFN1C0_23:CLK
  To:                    Microcontroller_0/Data_Saving_0/FPGABuffer_0/\\DFN1C0_RGRYSYNC[3]\\:D
  Delay (ns):            0.324
  Slack (ns):            0.307
  Arrival (ns):          1.849
  Required (ns):         1.542

Path 51
  From:                  Microcontroller_0/Data_Saving_0/FPGABuffer_0/DFN1C0_27:CLK
  To:                    Microcontroller_0/Data_Saving_0/FPGABuffer_0/\\DFN1C0_WGRYSYNC[9]\\:D
  Delay (ns):            0.327
  Slack (ns):            0.308
  Arrival (ns):          1.833
  Required (ns):         1.525

Path 52
  From:                  Microcontroller_0/Data_Saving_0/FPGABuffer_0/DFN1C0_WRITE_RESET_P:CLK
  To:                    Microcontroller_0/Data_Saving_0/FPGABuffer_0/\\DFN1C0_WGRY[7]\\:CLR
  Delay (ns):            0.342
  Slack (ns):            0.308
  Arrival (ns):          1.866
  Required (ns):         1.558

Path 53
  From:                  FFU_Command_Checker_0/command_out[0]:CLK
  To:                    General_Controller_0/s_command[0]:D
  Delay (ns):            0.324
  Slack (ns):            0.309
  Arrival (ns):          1.861
  Required (ns):         1.552

Path 54
  From:                  Microcontroller_0/Data_Saving_0/FPGABuffer_0/DFN1C0_0:CLK
  To:                    Microcontroller_0/Data_Saving_0/FPGABuffer_0/\\DFN1C0_RGRYSYNC[11]\\:D
  Delay (ns):            0.329
  Slack (ns):            0.309
  Arrival (ns):          1.861
  Required (ns):         1.552

Path 55
  From:                  Communications_0/UC_UART/make_RX/samples[2]:CLK
  To:                    Communications_0/UC_UART/make_RX/samples[1]:D
  Delay (ns):            0.340
  Slack (ns):            0.314
  Arrival (ns):          1.896
  Required (ns):         1.582

Path 56
  From:                  Communications_0/UC_UART/make_RX/samples[1]:CLK
  To:                    Communications_0/UC_UART/make_RX/samples[0]:D
  Delay (ns):            0.342
  Slack (ns):            0.316
  Arrival (ns):          1.898
  Required (ns):         1.582

Path 57
  From:                  Communications_0/UC_UART/make_RX/rx_shift[1]:CLK
  To:                    Communications_0/UC_UART/make_RX/rx_byte_xhdl5[1]:D
  Delay (ns):            0.349
  Slack (ns):            0.317
  Arrival (ns):          1.935
  Required (ns):         1.618

Path 58
  From:                  Communications_0/UC_UART/make_RX/rx_shift[6]:CLK
  To:                    Communications_0/UC_UART/make_RX/rx_byte_xhdl5[6]:D
  Delay (ns):            0.349
  Slack (ns):            0.317
  Arrival (ns):          1.935
  Required (ns):         1.618

Path 59
  From:                  Microcontroller_0/Data_Saving_0/FPGABuffer_0/DFN1C0_READ_RESET_P_1:CLK
  To:                    Microcontroller_0/Data_Saving_0/FPGABuffer_0/DFN1C0_DVLDI:CLR
  Delay (ns):            0.342
  Slack (ns):            0.317
  Arrival (ns):          1.873
  Required (ns):         1.556

Path 60
  From:                  Microcontroller_0/Data_Saving_0/FPGABuffer_0/DFN1C0_READ_RESET_P_1:CLK
  To:                    Microcontroller_0/Data_Saving_0/FPGABuffer_0/\\DFN1C0_MEM_RADDR[2]\\:CLR
  Delay (ns):            0.342
  Slack (ns):            0.317
  Arrival (ns):          1.873
  Required (ns):         1.556

Path 61
  From:                  Communications_0/RMU_UART/make_RX/samples[1]:CLK
  To:                    Communications_0/RMU_UART/make_RX/samples[0]:D
  Delay (ns):            0.341
  Slack (ns):            0.318
  Arrival (ns):          1.885
  Required (ns):         1.567

Path 62
  From:                  Communications_0/UC_UART/make_RX/rx_byte_xhdl5[2]:CLK
  To:                    Microcontroller_0/uC_Status_0/read_byte_0[2]:D
  Delay (ns):            0.350
  Slack (ns):            0.318
  Arrival (ns):          1.936
  Required (ns):         1.618

Path 63
  From:                  Communications_0/UC_UART/make_RX/rx_byte_xhdl5[2]:CLK
  To:                    Microcontroller_0/uC_Status_0/read_byte[2]:D
  Delay (ns):            0.350
  Slack (ns):            0.318
  Arrival (ns):          1.936
  Required (ns):         1.618

Path 64
  From:                  Communications_0/UC_UART/make_RX/rx_byte_xhdl5[5]:CLK
  To:                    Microcontroller_0/uC_Status_0/read_byte[5]:D
  Delay (ns):            0.334
  Slack (ns):            0.318
  Arrival (ns):          1.920
  Required (ns):         1.602

Path 65
  From:                  Communications_0/RMU_UART/make_RX/rx_shift[5]:CLK
  To:                    Communications_0/RMU_UART/make_RX/rx_byte_xhdl5[5]:D
  Delay (ns):            0.349
  Slack (ns):            0.320
  Arrival (ns):          1.920
  Required (ns):         1.600

Path 66
  From:                  Communications_0/RMU_UART/make_RX/rx_byte_xhdl5[4]:CLK
  To:                    FFU_Command_Checker_0/command_out[4]:D
  Delay (ns):            0.349
  Slack (ns):            0.320
  Arrival (ns):          1.920
  Required (ns):         1.600

Path 67
  From:                  Communications_0/RMU_UART/make_RX/rx_shift[4]:CLK
  To:                    Communications_0/RMU_UART/make_RX/rx_byte_xhdl5[4]:D
  Delay (ns):            0.349
  Slack (ns):            0.320
  Arrival (ns):          1.920
  Required (ns):         1.600

Path 68
  From:                  Status_Readout_0/state[3]:CLK
  To:                    Status_Readout_0/prevState[3]:D
  Delay (ns):            0.349
  Slack (ns):            0.320
  Arrival (ns):          1.919
  Required (ns):         1.599

Path 69
  From:                  Communications_0/RMU_UART/make_RX/samples[2]:CLK
  To:                    Communications_0/RMU_UART/make_RX/samples[1]:D
  Delay (ns):            0.342
  Slack (ns):            0.320
  Arrival (ns):          1.886
  Required (ns):         1.566

Path 70
  From:                  Communications_0/RMU_UART/make_RX/rx_byte_xhdl5[5]:CLK
  To:                    FFU_Command_Checker_0/command_out[5]:D
  Delay (ns):            0.350
  Slack (ns):            0.321
  Arrival (ns):          1.921
  Required (ns):         1.600

Path 71
  From:                  Communications_0/UC_UART/make_RX/rx_shift[3]:CLK
  To:                    Communications_0/UC_UART/make_RX/rx_byte_xhdl5[3]:D
  Delay (ns):            0.349
  Slack (ns):            0.321
  Arrival (ns):          1.914
  Required (ns):         1.593

Path 72
  From:                  Communications_0/RMU_UART/tx_hold_reg[6]:CLK
  To:                    Communications_0/RMU_UART/make_TX/tx_byte[6]:D
  Delay (ns):            0.324
  Slack (ns):            0.321
  Arrival (ns):          1.894
  Required (ns):         1.573

Path 73
  From:                  Communications_0/RMU_UART/tx_hold_reg[2]:CLK
  To:                    Communications_0/RMU_UART/make_TX/tx_byte[2]:D
  Delay (ns):            0.324
  Slack (ns):            0.321
  Arrival (ns):          1.894
  Required (ns):         1.573

Path 74
  From:                  General_Controller_0/bootCounter[7]:CLK
  To:                    General_Controller_0/fram_data_out[7]:D
  Delay (ns):            0.342
  Slack (ns):            0.322
  Arrival (ns):          1.875
  Required (ns):         1.553

Path 75
  From:                  Microcontroller_0/Data_Saving_0/FPGABuffer_0/DFN1C0_WRITE_RESET_P_0:CLK
  To:                    Microcontroller_0/Data_Saving_0/FPGABuffer_0/\\DFN1C0_RGRYSYNC[8]\\:CLR
  Delay (ns):            0.342
  Slack (ns):            0.322
  Arrival (ns):          1.880
  Required (ns):         1.558

Path 76
  From:                  Microcontroller_0/Data_Saving_0/FPGABuffer_0/DFN1C0_WRITE_RESET_P_1:CLK
  To:                    Microcontroller_0/Data_Saving_0/FPGABuffer_0/DFN1C0_4:CLR
  Delay (ns):            0.342
  Slack (ns):            0.322
  Arrival (ns):          1.880
  Required (ns):         1.558

Path 77
  From:                  Microcontroller_0/Data_Saving_0/FPGABuffer_0/DFN1C0_WRITE_RESET_P_1:CLK
  To:                    Microcontroller_0/Data_Saving_0/FPGABuffer_0/DFN1C0_9:CLR
  Delay (ns):            0.342
  Slack (ns):            0.322
  Arrival (ns):          1.880
  Required (ns):         1.558

Path 78
  From:                  Microcontroller_0/Data_Saving_0/FPGABuffer_0/DFN1C0_WRITE_RESET_P_0:CLK
  To:                    Microcontroller_0/Data_Saving_0/FPGABuffer_0/\\DFN1C0_RGRYSYNC[5]\\:CLR
  Delay (ns):            0.342
  Slack (ns):            0.322
  Arrival (ns):          1.880
  Required (ns):         1.558

Path 79
  From:                  General_Controller_0/bootCounter[1]:CLK
  To:                    General_Controller_0/fram_data_out[1]:D
  Delay (ns):            0.341
  Slack (ns):            0.323
  Arrival (ns):          1.864
  Required (ns):         1.541

Path 80
  From:                  General_Controller_0/bootCounter[2]:CLK
  To:                    General_Controller_0/fram_data_out[2]:D
  Delay (ns):            0.340
  Slack (ns):            0.324
  Arrival (ns):          1.859
  Required (ns):         1.535

Path 81
  From:                  Communications_0/RMU_UART/make_RX/rx_shift[6]:CLK
  To:                    Communications_0/RMU_UART/make_RX/rx_byte_xhdl5[6]:D
  Delay (ns):            0.349
  Slack (ns):            0.327
  Arrival (ns):          1.893
  Required (ns):         1.566

Path 82
  From:                  Communications_0/RMU_UART/make_RX/rx_shift[7]:CLK
  To:                    Communications_0/RMU_UART/make_RX/rx_byte_xhdl5[7]:D
  Delay (ns):            0.349
  Slack (ns):            0.327
  Arrival (ns):          1.893
  Required (ns):         1.566

Path 83
  From:                  Communications_0/RMU_UART/make_RX/rx_shift[1]:CLK
  To:                    Communications_0/RMU_UART/make_RX/rx_byte_xhdl5[1]:D
  Delay (ns):            0.354
  Slack (ns):            0.329
  Arrival (ns):          1.898
  Required (ns):         1.569

Path 84
  From:                  Microcontroller_0/Data_Saving_0/FPGABuffer_0/DFN1C0_11:CLK
  To:                    Microcontroller_0/Data_Saving_0/FPGABuffer_0/\\DFN1C0_WGRYSYNC[5]\\:D
  Delay (ns):            0.324
  Slack (ns):            0.330
  Arrival (ns):          1.855
  Required (ns):         1.525

Path 85
  From:                  Microcontroller_0/Data_Saving_0/FPGABuffer_0/DFN1C0_16:CLK
  To:                    Microcontroller_0/Data_Saving_0/FPGABuffer_0/DFN1C0_WRITE_RESET_P_1:D
  Delay (ns):            0.350
  Slack (ns):            0.330
  Arrival (ns):          1.888
  Required (ns):         1.558

Path 86
  From:                  Microcontroller_0/Data_Saving_0/FPGABuffer_0/DFN1C0_16:CLK
  To:                    Microcontroller_0/Data_Saving_0/FPGABuffer_0/DFN1C0_WRITE_RESET_P_0:D
  Delay (ns):            0.350
  Slack (ns):            0.330
  Arrival (ns):          1.888
  Required (ns):         1.558

Path 87
  From:                  Communications_0/RMU_UART/make_RX/rx_byte_xhdl5[2]:CLK
  To:                    FFU_Command_Checker_0/command_out[2]:D
  Delay (ns):            0.350
  Slack (ns):            0.330
  Arrival (ns):          1.883
  Required (ns):         1.553

Path 88
  From:                  Microcontroller_0/Data_Saving_0/FPGABuffer_0/DFN1C0_WRITE_RESET_P:CLK
  To:                    Microcontroller_0/Data_Saving_0/FPGABuffer_0/\\DFN1C0_WGRY[10]\\:CLR
  Delay (ns):            0.347
  Slack (ns):            0.330
  Arrival (ns):          1.871
  Required (ns):         1.541

Path 89
  From:                  Status_Readout_0/wen:CLK
  To:                    Communications_0/RMU_UART/tx_hold_reg[2]:E
  Delay (ns):            0.367
  Slack (ns):            0.338
  Arrival (ns):          1.937
  Required (ns):         1.599

Path 90
  From:                  Status_Readout_0/wen:CLK
  To:                    Communications_0/RMU_UART/tx_hold_reg[6]:E
  Delay (ns):            0.367
  Slack (ns):            0.338
  Arrival (ns):          1.937
  Required (ns):         1.599

Path 91
  From:                  Status_Readout_0/wen:CLK
  To:                    Communications_0/RMU_UART/tx_hold_reg[3]:E
  Delay (ns):            0.367
  Slack (ns):            0.338
  Arrival (ns):          1.937
  Required (ns):         1.599

Path 92
  From:                  Communications_0/RMU_UART/make_RX/rx_shift[3]:CLK
  To:                    Communications_0/RMU_UART/make_RX/rx_byte_xhdl5[3]:D
  Delay (ns):            0.349
  Slack (ns):            0.340
  Arrival (ns):          1.893
  Required (ns):         1.553

Path 93
  From:                  Microcontroller_0/Data_Saving_0/Interrupt_Generator_0/counter[9]:CLK
  To:                    Microcontroller_0/Data_Saving_0/Interrupt_Generator_0/uC_interrupt:D
  Delay (ns):            0.365
  Slack (ns):            0.344
  Arrival (ns):          1.900
  Required (ns):         1.556

Path 94
  From:                  General_Controller_0/bootCounter[4]:CLK
  To:                    General_Controller_0/fram_data_out[4]:D
  Delay (ns):            0.364
  Slack (ns):            0.346
  Arrival (ns):          1.890
  Required (ns):         1.544

Path 95
  From:                  Communications_0/UC_UART/make_RX/rx_shift[4]:CLK
  To:                    Communications_0/UC_UART/make_RX/rx_byte_xhdl5[4]:D
  Delay (ns):            0.349
  Slack (ns):            0.351
  Arrival (ns):          1.914
  Required (ns):         1.563

Path 96
  From:                  Communications_0/RMU_UART/make_RX/receive_full_int:CLK
  To:                    Communications_0/RMU_UART/rxrdy_xhdl4:D
  Delay (ns):            0.375
  Slack (ns):            0.352
  Arrival (ns):          1.919
  Required (ns):         1.567

Path 97
  From:                  Microcontroller_0/Data_Saving_0/FPGABuffer_0/DFN1C0_6:CLK
  To:                    Microcontroller_0/Data_Saving_0/FPGABuffer_0/DFN1C0_READ_RESET_P_1:D
  Delay (ns):            0.378
  Slack (ns):            0.353
  Arrival (ns):          1.909
  Required (ns):         1.556

Path 98
  From:                  Microcontroller_0/Data_Saving_0/FPGABuffer_0/DFN1C0_6:CLK
  To:                    Microcontroller_0/Data_Saving_0/FPGABuffer_0/DFN1C0_READ_RESET_P:D
  Delay (ns):            0.378
  Slack (ns):            0.353
  Arrival (ns):          1.909
  Required (ns):         1.556

Path 99
  From:                  Microcontroller_0/Data_Saving_0/FPGABuffer_0/DFN1C0_6:CLK
  To:                    Microcontroller_0/Data_Saving_0/FPGABuffer_0/DFN1C0_READ_RESET_P_0:D
  Delay (ns):            0.378
  Slack (ns):            0.353
  Arrival (ns):          1.909
  Required (ns):         1.556

Path 100
  From:                  Microcontroller_0/Data_Saving_0/FPGABuffer_0/DFN1C0_READ_RESET_P:CLK
  To:                    Microcontroller_0/Data_Saving_0/FPGABuffer_0/DFN1C0_19:CLR
  Delay (ns):            0.380
  Slack (ns):            0.355
  Arrival (ns):          1.911
  Required (ns):         1.556

