Timing Violation Report Max Delay Analysis

SmartTime Version v11.9 SP3
Microsemi Corporation - Microsemi Libero Software Release v11.9 SP3 (Version 11.9.3.5)
Date: Tue May 14 12:51:43 2019


Design: Toplevel
Family: ProASIC3
Die: A3P250
Package: 100 VQFP
Temperature Range: 0 - 70 C
Voltage Range: 1.425 - 1.575 V
Speed Grade: STD
Design State: Post-Layout
Data source: Silicon verified
Min Operating Conditions: BEST - 1.575 V - 0 C
Max Operating Conditions: WORST - 1.425 V - 70 C
Using Enhanced Min Delay Analysis
Scenario for Timing Analysis: Primary


Path 1
  From:                  General_Controller_0/s_milliseconds[0]:CLK
  To:                    General_Controller_0/s_milliseconds[21]:E
  Delay (ns):            28.447
  Slack (ns):            2.367
  Arrival (ns):          32.805
  Required (ns):         35.172

Path 2
  From:                  General_Controller_0/s_milliseconds[0]:CLK
  To:                    General_Controller_0/s_milliseconds[8]:E
  Delay (ns):            28.447
  Slack (ns):            2.367
  Arrival (ns):          32.805
  Required (ns):         35.172

Path 3
  From:                  General_Controller_0/s_milliseconds[0]:CLK
  To:                    General_Controller_0/s_milliseconds[17]:E
  Delay (ns):            28.447
  Slack (ns):            2.367
  Arrival (ns):          32.805
  Required (ns):         35.172

Path 4
  From:                  General_Controller_0/s_milliseconds[0]:CLK
  To:                    General_Controller_0/s_milliseconds[19]:E
  Delay (ns):            28.447
  Slack (ns):            2.367
  Arrival (ns):          32.805
  Required (ns):         35.172

Path 5
  From:                  General_Controller_0/s_milliseconds[0]:CLK
  To:                    General_Controller_0/s_milliseconds[13]:E
  Delay (ns):            28.447
  Slack (ns):            2.434
  Arrival (ns):          32.805
  Required (ns):         35.239

Path 6
  From:                  General_Controller_0/s_milliseconds[0]:CLK
  To:                    General_Controller_0/s_milliseconds[11]:E
  Delay (ns):            28.447
  Slack (ns):            2.434
  Arrival (ns):          32.805
  Required (ns):         35.239

Path 7
  From:                  General_Controller_0/s_milliseconds[0]:CLK
  To:                    General_Controller_0/s_milliseconds[14]:E
  Delay (ns):            28.447
  Slack (ns):            2.434
  Arrival (ns):          32.805
  Required (ns):         35.239

Path 8
  From:                  General_Controller_0/s_milliseconds[0]:CLK
  To:                    General_Controller_0/s_milliseconds[7]:E
  Delay (ns):            28.447
  Slack (ns):            2.434
  Arrival (ns):          32.805
  Required (ns):         35.239

Path 9
  From:                  General_Controller_0/s_milliseconds[0]:CLK
  To:                    General_Controller_0/s_milliseconds[2]:E
  Delay (ns):            28.447
  Slack (ns):            2.434
  Arrival (ns):          32.805
  Required (ns):         35.239

Path 10
  From:                  General_Controller_0/s_milliseconds[0]:CLK
  To:                    General_Controller_0/s_milliseconds[15]:E
  Delay (ns):            28.447
  Slack (ns):            2.434
  Arrival (ns):          32.805
  Required (ns):         35.239

Path 11
  From:                  General_Controller_0/s_milliseconds[0]:CLK
  To:                    General_Controller_0/s_milliseconds[16]:E
  Delay (ns):            28.447
  Slack (ns):            2.434
  Arrival (ns):          32.805
  Required (ns):         35.239

Path 12
  From:                  General_Controller_0/s_milliseconds[0]:CLK
  To:                    General_Controller_0/s_milliseconds[9]:E
  Delay (ns):            28.447
  Slack (ns):            2.434
  Arrival (ns):          32.805
  Required (ns):         35.239

Path 13
  From:                  General_Controller_0/s_milliseconds[0]:CLK
  To:                    General_Controller_0/s_milliseconds[10]:E
  Delay (ns):            28.447
  Slack (ns):            2.434
  Arrival (ns):          32.805
  Required (ns):         35.239

Path 14
  From:                  General_Controller_0/s_milliseconds[0]:CLK
  To:                    General_Controller_0/s_milliseconds[6]:E
  Delay (ns):            28.447
  Slack (ns):            2.434
  Arrival (ns):          32.805
  Required (ns):         35.239

Path 15
  From:                  General_Controller_0/s_milliseconds[0]:CLK
  To:                    General_Controller_0/s_milliseconds[18]:E
  Delay (ns):            27.728
  Slack (ns):            2.878
  Arrival (ns):          32.086
  Required (ns):         34.964

Path 16
  From:                  General_Controller_0/s_milliseconds[0]:CLK
  To:                    General_Controller_0/s_milliseconds[22]:E
  Delay (ns):            27.728
  Slack (ns):            2.878
  Arrival (ns):          32.086
  Required (ns):         34.964

Path 17
  From:                  General_Controller_0/s_milliseconds[0]:CLK
  To:                    General_Controller_0/s_milliseconds[5]:E
  Delay (ns):            27.973
  Slack (ns):            2.908
  Arrival (ns):          32.331
  Required (ns):         35.239

Path 18
  From:                  General_Controller_0/s_milliseconds[0]:CLK
  To:                    General_Controller_0/s_milliseconds[0]:E
  Delay (ns):            27.693
  Slack (ns):            2.949
  Arrival (ns):          32.051
  Required (ns):         35.000

Path 19
  From:                  General_Controller_0/s_milliseconds[1]:CLK
  To:                    General_Controller_0/s_milliseconds[21]:E
  Delay (ns):            27.827
  Slack (ns):            2.987
  Arrival (ns):          32.185
  Required (ns):         35.172

Path 20
  From:                  General_Controller_0/s_milliseconds[1]:CLK
  To:                    General_Controller_0/s_milliseconds[8]:E
  Delay (ns):            27.827
  Slack (ns):            2.987
  Arrival (ns):          32.185
  Required (ns):         35.172

Path 21
  From:                  General_Controller_0/s_milliseconds[1]:CLK
  To:                    General_Controller_0/s_milliseconds[17]:E
  Delay (ns):            27.827
  Slack (ns):            2.987
  Arrival (ns):          32.185
  Required (ns):         35.172

Path 22
  From:                  General_Controller_0/s_milliseconds[1]:CLK
  To:                    General_Controller_0/s_milliseconds[19]:E
  Delay (ns):            27.827
  Slack (ns):            2.987
  Arrival (ns):          32.185
  Required (ns):         35.172

Path 23
  From:                  General_Controller_0/s_milliseconds[1]:CLK
  To:                    General_Controller_0/s_milliseconds[13]:E
  Delay (ns):            27.827
  Slack (ns):            3.054
  Arrival (ns):          32.185
  Required (ns):         35.239

Path 24
  From:                  General_Controller_0/s_milliseconds[1]:CLK
  To:                    General_Controller_0/s_milliseconds[11]:E
  Delay (ns):            27.827
  Slack (ns):            3.054
  Arrival (ns):          32.185
  Required (ns):         35.239

Path 25
  From:                  General_Controller_0/s_milliseconds[1]:CLK
  To:                    General_Controller_0/s_milliseconds[14]:E
  Delay (ns):            27.827
  Slack (ns):            3.054
  Arrival (ns):          32.185
  Required (ns):         35.239

Path 26
  From:                  General_Controller_0/s_milliseconds[1]:CLK
  To:                    General_Controller_0/s_milliseconds[7]:E
  Delay (ns):            27.827
  Slack (ns):            3.054
  Arrival (ns):          32.185
  Required (ns):         35.239

Path 27
  From:                  General_Controller_0/s_milliseconds[1]:CLK
  To:                    General_Controller_0/s_milliseconds[2]:E
  Delay (ns):            27.827
  Slack (ns):            3.054
  Arrival (ns):          32.185
  Required (ns):         35.239

Path 28
  From:                  General_Controller_0/s_milliseconds[1]:CLK
  To:                    General_Controller_0/s_milliseconds[15]:E
  Delay (ns):            27.827
  Slack (ns):            3.054
  Arrival (ns):          32.185
  Required (ns):         35.239

Path 29
  From:                  General_Controller_0/s_milliseconds[1]:CLK
  To:                    General_Controller_0/s_milliseconds[16]:E
  Delay (ns):            27.827
  Slack (ns):            3.054
  Arrival (ns):          32.185
  Required (ns):         35.239

Path 30
  From:                  General_Controller_0/s_milliseconds[1]:CLK
  To:                    General_Controller_0/s_milliseconds[9]:E
  Delay (ns):            27.827
  Slack (ns):            3.054
  Arrival (ns):          32.185
  Required (ns):         35.239

Path 31
  From:                  General_Controller_0/s_milliseconds[1]:CLK
  To:                    General_Controller_0/s_milliseconds[10]:E
  Delay (ns):            27.827
  Slack (ns):            3.054
  Arrival (ns):          32.185
  Required (ns):         35.239

Path 32
  From:                  General_Controller_0/s_milliseconds[1]:CLK
  To:                    General_Controller_0/s_milliseconds[6]:E
  Delay (ns):            27.827
  Slack (ns):            3.054
  Arrival (ns):          32.185
  Required (ns):         35.239

Path 33
  From:                  General_Controller_0/s_milliseconds[0]:CLK
  To:                    General_Controller_0/s_milliseconds[3]:E
  Delay (ns):            27.536
  Slack (ns):            3.137
  Arrival (ns):          31.894
  Required (ns):         35.031

Path 34
  From:                  General_Controller_0/s_milliseconds[0]:CLK
  To:                    General_Controller_0/s_milliseconds[1]:E
  Delay (ns):            27.489
  Slack (ns):            3.153
  Arrival (ns):          31.847
  Required (ns):         35.000

Path 35
  From:                  General_Controller_0/s_milliseconds[0]:CLK
  To:                    General_Controller_0/s_milliseconds[12]:E
  Delay (ns):            27.489
  Slack (ns):            3.153
  Arrival (ns):          31.847
  Required (ns):         35.000

Path 36
  From:                  General_Controller_0/s_milliseconds[0]:CLK
  To:                    General_Controller_0/s_milliseconds[4]:E
  Delay (ns):            27.519
  Slack (ns):            3.154
  Arrival (ns):          31.877
  Required (ns):         35.031

Path 37
  From:                  General_Controller_0/s_milliseconds[0]:CLK
  To:                    General_Controller_0/s_milliseconds[20]:E
  Delay (ns):            27.319
  Slack (ns):            3.287
  Arrival (ns):          31.677
  Required (ns):         34.964

Path 38
  From:                  General_Controller_0/s_milliseconds[3]:CLK
  To:                    General_Controller_0/s_milliseconds[21]:E
  Delay (ns):            27.492
  Slack (ns):            3.291
  Arrival (ns):          31.881
  Required (ns):         35.172

Path 39
  From:                  General_Controller_0/s_milliseconds[3]:CLK
  To:                    General_Controller_0/s_milliseconds[8]:E
  Delay (ns):            27.492
  Slack (ns):            3.291
  Arrival (ns):          31.881
  Required (ns):         35.172

Path 40
  From:                  General_Controller_0/s_milliseconds[3]:CLK
  To:                    General_Controller_0/s_milliseconds[17]:E
  Delay (ns):            27.492
  Slack (ns):            3.291
  Arrival (ns):          31.881
  Required (ns):         35.172

Path 41
  From:                  General_Controller_0/s_milliseconds[3]:CLK
  To:                    General_Controller_0/s_milliseconds[19]:E
  Delay (ns):            27.492
  Slack (ns):            3.291
  Arrival (ns):          31.881
  Required (ns):         35.172

Path 42
  From:                  General_Controller_0/s_milliseconds[3]:CLK
  To:                    General_Controller_0/s_milliseconds[13]:E
  Delay (ns):            27.492
  Slack (ns):            3.358
  Arrival (ns):          31.881
  Required (ns):         35.239

Path 43
  From:                  General_Controller_0/s_milliseconds[3]:CLK
  To:                    General_Controller_0/s_milliseconds[11]:E
  Delay (ns):            27.492
  Slack (ns):            3.358
  Arrival (ns):          31.881
  Required (ns):         35.239

Path 44
  From:                  General_Controller_0/s_milliseconds[3]:CLK
  To:                    General_Controller_0/s_milliseconds[14]:E
  Delay (ns):            27.492
  Slack (ns):            3.358
  Arrival (ns):          31.881
  Required (ns):         35.239

Path 45
  From:                  General_Controller_0/s_milliseconds[3]:CLK
  To:                    General_Controller_0/s_milliseconds[7]:E
  Delay (ns):            27.492
  Slack (ns):            3.358
  Arrival (ns):          31.881
  Required (ns):         35.239

Path 46
  From:                  General_Controller_0/s_milliseconds[3]:CLK
  To:                    General_Controller_0/s_milliseconds[2]:E
  Delay (ns):            27.492
  Slack (ns):            3.358
  Arrival (ns):          31.881
  Required (ns):         35.239

Path 47
  From:                  General_Controller_0/s_milliseconds[3]:CLK
  To:                    General_Controller_0/s_milliseconds[15]:E
  Delay (ns):            27.492
  Slack (ns):            3.358
  Arrival (ns):          31.881
  Required (ns):         35.239

Path 48
  From:                  General_Controller_0/s_milliseconds[3]:CLK
  To:                    General_Controller_0/s_milliseconds[16]:E
  Delay (ns):            27.492
  Slack (ns):            3.358
  Arrival (ns):          31.881
  Required (ns):         35.239

Path 49
  From:                  General_Controller_0/s_milliseconds[3]:CLK
  To:                    General_Controller_0/s_milliseconds[9]:E
  Delay (ns):            27.492
  Slack (ns):            3.358
  Arrival (ns):          31.881
  Required (ns):         35.239

Path 50
  From:                  General_Controller_0/s_milliseconds[3]:CLK
  To:                    General_Controller_0/s_milliseconds[10]:E
  Delay (ns):            27.492
  Slack (ns):            3.358
  Arrival (ns):          31.881
  Required (ns):         35.239

Path 51
  From:                  General_Controller_0/s_milliseconds[3]:CLK
  To:                    General_Controller_0/s_milliseconds[6]:E
  Delay (ns):            27.492
  Slack (ns):            3.358
  Arrival (ns):          31.881
  Required (ns):         35.239

Path 52
  From:                  General_Controller_0/s_milliseconds[0]:CLK
  To:                    General_Controller_0/status_new_data:D
  Delay (ns):            27.268
  Slack (ns):            3.420
  Arrival (ns):          31.626
  Required (ns):         35.046

Path 53
  From:                  General_Controller_0/s_milliseconds[1]:CLK
  To:                    General_Controller_0/s_milliseconds[18]:E
  Delay (ns):            27.108
  Slack (ns):            3.498
  Arrival (ns):          31.466
  Required (ns):         34.964

Path 54
  From:                  General_Controller_0/s_milliseconds[1]:CLK
  To:                    General_Controller_0/s_milliseconds[22]:E
  Delay (ns):            27.108
  Slack (ns):            3.498
  Arrival (ns):          31.466
  Required (ns):         34.964

Path 55
  From:                  General_Controller_0/s_milliseconds[1]:CLK
  To:                    General_Controller_0/s_milliseconds[5]:E
  Delay (ns):            27.353
  Slack (ns):            3.528
  Arrival (ns):          31.711
  Required (ns):         35.239

Path 56
  From:                  General_Controller_0/s_milliseconds[1]:CLK
  To:                    General_Controller_0/s_milliseconds[0]:E
  Delay (ns):            27.073
  Slack (ns):            3.569
  Arrival (ns):          31.431
  Required (ns):         35.000

Path 57
  From:                  General_Controller_0/s_milliseconds[1]:CLK
  To:                    General_Controller_0/s_milliseconds[3]:E
  Delay (ns):            26.916
  Slack (ns):            3.757
  Arrival (ns):          31.274
  Required (ns):         35.031

Path 58
  From:                  General_Controller_0/s_milliseconds[2]:CLK
  To:                    General_Controller_0/s_milliseconds[21]:E
  Delay (ns):            27.018
  Slack (ns):            3.765
  Arrival (ns):          31.407
  Required (ns):         35.172

Path 59
  From:                  General_Controller_0/s_milliseconds[2]:CLK
  To:                    General_Controller_0/s_milliseconds[8]:E
  Delay (ns):            27.018
  Slack (ns):            3.765
  Arrival (ns):          31.407
  Required (ns):         35.172

Path 60
  From:                  General_Controller_0/s_milliseconds[2]:CLK
  To:                    General_Controller_0/s_milliseconds[17]:E
  Delay (ns):            27.018
  Slack (ns):            3.765
  Arrival (ns):          31.407
  Required (ns):         35.172

Path 61
  From:                  General_Controller_0/s_milliseconds[2]:CLK
  To:                    General_Controller_0/s_milliseconds[19]:E
  Delay (ns):            27.018
  Slack (ns):            3.765
  Arrival (ns):          31.407
  Required (ns):         35.172

Path 62
  From:                  General_Controller_0/s_milliseconds[1]:CLK
  To:                    General_Controller_0/s_milliseconds[1]:E
  Delay (ns):            26.869
  Slack (ns):            3.773
  Arrival (ns):          31.227
  Required (ns):         35.000

Path 63
  From:                  General_Controller_0/s_milliseconds[1]:CLK
  To:                    General_Controller_0/s_milliseconds[12]:E
  Delay (ns):            26.869
  Slack (ns):            3.773
  Arrival (ns):          31.227
  Required (ns):         35.000

Path 64
  From:                  General_Controller_0/s_milliseconds[5]:CLK
  To:                    General_Controller_0/s_milliseconds[21]:E
  Delay (ns):            27.010
  Slack (ns):            3.773
  Arrival (ns):          31.399
  Required (ns):         35.172

Path 65
  From:                  General_Controller_0/s_milliseconds[5]:CLK
  To:                    General_Controller_0/s_milliseconds[8]:E
  Delay (ns):            27.010
  Slack (ns):            3.773
  Arrival (ns):          31.399
  Required (ns):         35.172

Path 66
  From:                  General_Controller_0/s_milliseconds[5]:CLK
  To:                    General_Controller_0/s_milliseconds[17]:E
  Delay (ns):            27.010
  Slack (ns):            3.773
  Arrival (ns):          31.399
  Required (ns):         35.172

Path 67
  From:                  General_Controller_0/s_milliseconds[5]:CLK
  To:                    General_Controller_0/s_milliseconds[19]:E
  Delay (ns):            27.010
  Slack (ns):            3.773
  Arrival (ns):          31.399
  Required (ns):         35.172

Path 68
  From:                  General_Controller_0/s_milliseconds[1]:CLK
  To:                    General_Controller_0/s_milliseconds[4]:E
  Delay (ns):            26.899
  Slack (ns):            3.774
  Arrival (ns):          31.257
  Required (ns):         35.031

Path 69
  From:                  General_Controller_0/s_milliseconds[3]:CLK
  To:                    General_Controller_0/s_milliseconds[18]:E
  Delay (ns):            26.773
  Slack (ns):            3.802
  Arrival (ns):          31.162
  Required (ns):         34.964

Path 70
  From:                  General_Controller_0/s_milliseconds[3]:CLK
  To:                    General_Controller_0/s_milliseconds[22]:E
  Delay (ns):            26.773
  Slack (ns):            3.802
  Arrival (ns):          31.162
  Required (ns):         34.964

Path 71
  From:                  General_Controller_0/s_milliseconds[2]:CLK
  To:                    General_Controller_0/s_milliseconds[13]:E
  Delay (ns):            27.018
  Slack (ns):            3.832
  Arrival (ns):          31.407
  Required (ns):         35.239

Path 72
  From:                  General_Controller_0/s_milliseconds[2]:CLK
  To:                    General_Controller_0/s_milliseconds[11]:E
  Delay (ns):            27.018
  Slack (ns):            3.832
  Arrival (ns):          31.407
  Required (ns):         35.239

Path 73
  From:                  General_Controller_0/s_milliseconds[2]:CLK
  To:                    General_Controller_0/s_milliseconds[14]:E
  Delay (ns):            27.018
  Slack (ns):            3.832
  Arrival (ns):          31.407
  Required (ns):         35.239

Path 74
  From:                  General_Controller_0/s_milliseconds[2]:CLK
  To:                    General_Controller_0/s_milliseconds[7]:E
  Delay (ns):            27.018
  Slack (ns):            3.832
  Arrival (ns):          31.407
  Required (ns):         35.239

Path 75
  From:                  General_Controller_0/s_milliseconds[2]:CLK
  To:                    General_Controller_0/s_milliseconds[2]:E
  Delay (ns):            27.018
  Slack (ns):            3.832
  Arrival (ns):          31.407
  Required (ns):         35.239

Path 76
  From:                  General_Controller_0/s_milliseconds[2]:CLK
  To:                    General_Controller_0/s_milliseconds[15]:E
  Delay (ns):            27.018
  Slack (ns):            3.832
  Arrival (ns):          31.407
  Required (ns):         35.239

Path 77
  From:                  General_Controller_0/s_milliseconds[2]:CLK
  To:                    General_Controller_0/s_milliseconds[16]:E
  Delay (ns):            27.018
  Slack (ns):            3.832
  Arrival (ns):          31.407
  Required (ns):         35.239

Path 78
  From:                  General_Controller_0/s_milliseconds[2]:CLK
  To:                    General_Controller_0/s_milliseconds[9]:E
  Delay (ns):            27.018
  Slack (ns):            3.832
  Arrival (ns):          31.407
  Required (ns):         35.239

Path 79
  From:                  General_Controller_0/s_milliseconds[2]:CLK
  To:                    General_Controller_0/s_milliseconds[10]:E
  Delay (ns):            27.018
  Slack (ns):            3.832
  Arrival (ns):          31.407
  Required (ns):         35.239

Path 80
  From:                  General_Controller_0/s_milliseconds[2]:CLK
  To:                    General_Controller_0/s_milliseconds[6]:E
  Delay (ns):            27.018
  Slack (ns):            3.832
  Arrival (ns):          31.407
  Required (ns):         35.239

Path 81
  From:                  General_Controller_0/s_milliseconds[3]:CLK
  To:                    General_Controller_0/s_milliseconds[5]:E
  Delay (ns):            27.018
  Slack (ns):            3.832
  Arrival (ns):          31.407
  Required (ns):         35.239

Path 82
  From:                  General_Controller_0/s_milliseconds[5]:CLK
  To:                    General_Controller_0/s_milliseconds[13]:E
  Delay (ns):            27.010
  Slack (ns):            3.840
  Arrival (ns):          31.399
  Required (ns):         35.239

Path 83
  From:                  General_Controller_0/s_milliseconds[5]:CLK
  To:                    General_Controller_0/s_milliseconds[11]:E
  Delay (ns):            27.010
  Slack (ns):            3.840
  Arrival (ns):          31.399
  Required (ns):         35.239

Path 84
  From:                  General_Controller_0/s_milliseconds[5]:CLK
  To:                    General_Controller_0/s_milliseconds[14]:E
  Delay (ns):            27.010
  Slack (ns):            3.840
  Arrival (ns):          31.399
  Required (ns):         35.239

Path 85
  From:                  General_Controller_0/s_milliseconds[5]:CLK
  To:                    General_Controller_0/s_milliseconds[7]:E
  Delay (ns):            27.010
  Slack (ns):            3.840
  Arrival (ns):          31.399
  Required (ns):         35.239

Path 86
  From:                  General_Controller_0/s_milliseconds[5]:CLK
  To:                    General_Controller_0/s_milliseconds[2]:E
  Delay (ns):            27.010
  Slack (ns):            3.840
  Arrival (ns):          31.399
  Required (ns):         35.239

Path 87
  From:                  General_Controller_0/s_milliseconds[5]:CLK
  To:                    General_Controller_0/s_milliseconds[15]:E
  Delay (ns):            27.010
  Slack (ns):            3.840
  Arrival (ns):          31.399
  Required (ns):         35.239

Path 88
  From:                  General_Controller_0/s_milliseconds[5]:CLK
  To:                    General_Controller_0/s_milliseconds[16]:E
  Delay (ns):            27.010
  Slack (ns):            3.840
  Arrival (ns):          31.399
  Required (ns):         35.239

Path 89
  From:                  General_Controller_0/s_milliseconds[5]:CLK
  To:                    General_Controller_0/s_milliseconds[9]:E
  Delay (ns):            27.010
  Slack (ns):            3.840
  Arrival (ns):          31.399
  Required (ns):         35.239

Path 90
  From:                  General_Controller_0/s_milliseconds[5]:CLK
  To:                    General_Controller_0/s_milliseconds[10]:E
  Delay (ns):            27.010
  Slack (ns):            3.840
  Arrival (ns):          31.399
  Required (ns):         35.239

Path 91
  From:                  General_Controller_0/s_milliseconds[5]:CLK
  To:                    General_Controller_0/s_milliseconds[6]:E
  Delay (ns):            27.010
  Slack (ns):            3.840
  Arrival (ns):          31.399
  Required (ns):         35.239

Path 92
  From:                  General_Controller_0/s_milliseconds[3]:CLK
  To:                    General_Controller_0/s_milliseconds[0]:E
  Delay (ns):            26.738
  Slack (ns):            3.873
  Arrival (ns):          31.127
  Required (ns):         35.000

Path 93
  From:                  General_Controller_0/s_milliseconds[1]:CLK
  To:                    General_Controller_0/s_milliseconds[20]:E
  Delay (ns):            26.699
  Slack (ns):            3.907
  Arrival (ns):          31.057
  Required (ns):         34.964

Path 94
  From:                  General_Controller_0/s_milliseconds[0]:CLK
  To:                    General_Controller_0/s_milliseconds[23]:E
  Delay (ns):            26.758
  Slack (ns):            3.915
  Arrival (ns):          31.116
  Required (ns):         35.031

Path 95
  From:                  General_Controller_0/s_milliseconds[1]:CLK
  To:                    General_Controller_0/status_new_data:D
  Delay (ns):            26.648
  Slack (ns):            4.040
  Arrival (ns):          31.006
  Required (ns):         35.046

Path 96
  From:                  General_Controller_0/s_milliseconds[3]:CLK
  To:                    General_Controller_0/s_milliseconds[3]:E
  Delay (ns):            26.581
  Slack (ns):            4.061
  Arrival (ns):          30.970
  Required (ns):         35.031

Path 97
  From:                  General_Controller_0/s_milliseconds[3]:CLK
  To:                    General_Controller_0/s_milliseconds[1]:E
  Delay (ns):            26.534
  Slack (ns):            4.077
  Arrival (ns):          30.923
  Required (ns):         35.000

Path 98
  From:                  General_Controller_0/s_milliseconds[3]:CLK
  To:                    General_Controller_0/s_milliseconds[12]:E
  Delay (ns):            26.534
  Slack (ns):            4.077
  Arrival (ns):          30.923
  Required (ns):         35.000

Path 99
  From:                  General_Controller_0/s_milliseconds[3]:CLK
  To:                    General_Controller_0/s_milliseconds[4]:E
  Delay (ns):            26.564
  Slack (ns):            4.078
  Arrival (ns):          30.953
  Required (ns):         35.031

Path 100
  From:                  General_Controller_0/s_milliseconds[3]:CLK
  To:                    General_Controller_0/s_milliseconds[20]:E
  Delay (ns):            26.364
  Slack (ns):            4.211
  Arrival (ns):          30.753
  Required (ns):         34.964

