#------------------------------------------------------------------------------------------------------------------------------------------
# RUN NUMBER: 1   DATE: 12:38:37 14-May-2019
# INVOKED AS:  extended_run_gui.tcl -n 4 -starting_seed_index 1 -timing_driven -placer_high_effort on -seq_opt on -compare_criteria violations -slack_criteria worst -analysis max -stop_on_success
#------------------------------------------------------------------------------------------------------------------------------------------
# Seed Index  Seed      Maximum Delay        Worst Slack  Report Analyzed                                Saved Design
# ==========  ========  ===============  ===============  =============================================  ===================================
         N/A         0  N/A                       -1.099  Toplevel_timing_violations_max_r1_initial.rpt
           1         0  N/A                       -0.654  Toplevel_timing_violations_max_r1_s1.rpt     
           2  86662958  N/A                       -0.250  Toplevel_timing_violations_max_r1_s2.rpt     
           3   8988747  N/A                        2.367  Toplevel_timing_violations_max_r1_s3.rpt     
#------------------------------------------------------------------------------------------------------------------------------------------
# RUN NUMBER: 2   DATE: 13:18:27 14-May-2019
# INVOKED AS:  extended_run_gui.tcl -n 4 -starting_seed_index 4 -timing_driven -placer_high_effort on -compare_criteria violations -slack_criteria worst -analysis max -stop_on_success
#------------------------------------------------------------------------------------------------------------------------------------------
# Seed Index  Seed      Maximum Delay        Worst Slack  Report Analyzed                                Saved Design
# ==========  ========  ===============  ===============  =============================================  ===================================
         N/A   8988747  N/A                       -1.068  Toplevel_timing_violations_max_r2_initial.rpt
           4  51071856  N/A                       -0.580  Toplevel_timing_violations_max_r2_s4.rpt     
           5  78381505  N/A                       -0.543  Toplevel_timing_violations_max_r2_s5.rpt     
           6  82287664  N/A                       -1.055  Toplevel_timing_violations_max_r2_s6.rpt     
           7  23702026  N/A                       -0.760  Toplevel_timing_violations_max_r2_s7.rpt     
