
Starting:    C:\Microsemi\Libero_SoC_v11.9\SynplifyPro\bin64\mbin\synbatch.exe
Install:     C:\Microsemi\Libero_SoC_v11.9\SynplifyPro
Hostname:    LAPTOPCALO
Date:        Wed Feb 04 14:56:12 2026
Version:     L-2016.09M-SP1-5

Arguments:   -product synplify_pro -licensetype synplifypro_actel -batch -log synplify.log Toplevel_syn.tcl
ProductType: synplify_pro

License checkout: synplifypro_actel
License: synplifypro_actel node-locked 
Licensed Vendor: actel
License Option: actel_oem

Running in Vendor Mode


Implementation not found: synthesis

log file: "C:\Users\Utente\Desktop\ROMEO_FPGA\LP-Software-FPGA\synthesis\Toplevel.srr"

Running: synthesis in foreground



Running Toplevel_syn|synthesis


Running: compile (Compile) on Toplevel_syn|synthesis
# Wed Feb 04 14:56:13 2026


Running: compile_flow (Compile Process) on Toplevel_syn|synthesis
# Wed Feb 04 14:56:13 2026


Running: compiler (Compile Input) on Toplevel_syn|synthesis
# Wed Feb 04 14:56:13 2026

Copied C:\Users\Utente\Desktop\ROMEO_FPGA\LP-Software-FPGA\synthesis\synwork\Toplevel_comp.srs to C:\Users\Utente\Desktop\ROMEO_FPGA\LP-Software-FPGA\synthesis\Toplevel.srs


compiler completed
# Wed Feb 04 14:56:17 2026

Return Code: 0
Run Time:00h:00m:04s


Running: multi_srs_gen (Multi-srs Generator) on Toplevel_syn|synthesis
# Wed Feb 04 14:56:17 2026


multi_srs_gen completed
# Wed Feb 04 14:56:18 2026

Return Code: 0
Run Time:00h:00m:01s

Copied C:\Users\Utente\Desktop\ROMEO_FPGA\LP-Software-FPGA\synthesis\synwork\Toplevel_mult.srs to C:\Users\Utente\Desktop\ROMEO_FPGA\LP-Software-FPGA\synthesis\Toplevel.srs

Complete: Compile Process on Toplevel_syn|synthesis


Running: premap (Pre-mapping) on Toplevel_syn|synthesis
# Wed Feb 04 14:56:18 2026


premap completed with warnings
# Wed Feb 04 14:56:19 2026

Return Code: 1
Run Time:00h:00m:01s

Complete: Compile on Toplevel_syn|synthesis


Running: map (Map) on Toplevel_syn|synthesis
# Wed Feb 04 14:56:19 2026

License granted for 4 parallel jobs


Running: fpga_mapper (Map & Optimize) on Toplevel_syn|synthesis
# Wed Feb 04 14:56:19 2026

Copied C:\Users\Utente\Desktop\ROMEO_FPGA\LP-Software-FPGA\synthesis\synwork\Toplevel_m.srm to C:\Users\Utente\Desktop\ROMEO_FPGA\LP-Software-FPGA\synthesis\Toplevel.srm


fpga_mapper completed with warnings
# Wed Feb 04 14:56:28 2026

Return Code: 1
Run Time:00h:00m:09s

Complete: Map on Toplevel_syn|synthesis

Complete: Logic Synthesis on Toplevel_syn|synthesis

TCL script complete: "Toplevel_syn.tcl"

exit status=0

exit status=0

License checkin: synplifypro_actel

