

@S |Clock Optimization Summary


#### START OF CLOCK OPTIMIZATION REPORT #####[

Clock optimization not enabled
2 non-gated/non-generated clock tree(s) driving 1519 clock pin(s) of sequential element(s)
2 gated/generated clock tree(s) driving 103 clock pin(s) of sequential element(s)
0 instances converted, 103 sequential instances remain driven by gated/generated clocks

========================================== Non-Gated/Non-Generated Clocks ==========================================
Clock Tree ID     Driving Element     Drive Element Type     Fanout     Sample Instance                             
--------------------------------------------------------------------------------------------------------------------
@K:CKID0003       CLOCK               port                   1464       UART_0.tx_byte[7]                           
@K:CKID0004       FMC_CLK             port                   55         Data_Saving_0.FPGA_Buffer_0.\DFN1C0_RGRY[9]\
====================================================================================================================
============================================================================================= Gated/Generated Clocks =============================================================================================
Clock Tree ID     Driving Element                Drive Element Type     Fanout     Sample Instance                                        Explanation                                                             
------------------------------------------------------------------------------------------------------------------------------------------------------------------------------------------------------------------
@K:CKID0001       Timing_0.clk_800kHz_i          DFN1C1                 87         Sensors_0.Pressure_Sensor_0.I2C_Master_0.bitcnt[3]     No generated or derived clock directive on output of sequential instance
@K:CKID0002       Science_0.DAC_SET_0.ADR[1]     DFN1C1                 16         Science_0.DAC_SET_0.DAC[10]                            No generated or derived clock directive on output of sequential instance
==================================================================================================================================================================================================================


##### END OF CLOCK OPTIMIZATION REPORT ######]

