

@S |Clock Optimization Summary


#### START OF CLOCK OPTIMIZATION REPORT #####[

Clock optimization not enabled
2 non-gated/non-generated clock tree(s) driving 1618 clock pin(s) of sequential element(s)
3 gated/generated clock tree(s) driving 126 clock pin(s) of sequential element(s)
0 instances converted, 126 sequential instances remain driven by gated/generated clocks

========================================== Non-Gated/Non-Generated Clocks ==========================================
Clock Tree ID     Driving Element     Drive Element Type     Fanout     Sample Instance                             
--------------------------------------------------------------------------------------------------------------------
@K:CKID0004       CLOCK               port                   1563       Timing_0.s_count[7]                         
@K:CKID0005       FMC_CLK             port                   55         Data_Saving_0.FPGA_Buffer_0.\DFN1C0_RGRY[9]\
====================================================================================================================
=========================================================================================== Gated/Generated Clocks ===========================================================================================
Clock Tree ID     Driving Element            Drive Element Type     Fanout     Sample Instance                                        Explanation                                                             
--------------------------------------------------------------------------------------------------------------------------------------------------------------------------------------------------------------
@K:CKID0001       ClockDivs_0.clk_800kHz     DFN1C1                 109        Sensors_0.Pressure_Sensor_0.I2C_Master_0.bitcnt[3]     No generated or derived clock directive on output of sequential instance
@K:CKID0002       Timing_0.m_time[7]         DFN1C1                 13         Pressure_Signal_Debounce_0.ms_cnt[9]                   No generated or derived clock directive on output of sequential instance
@K:CKID0003       Timing_0.s_time[5]         DFN1C1                 4          Science_0.ADC_RESET_0.state[1]                         No generated or derived clock directive on output of sequential instance
==============================================================================================================================================================================================================


##### END OF CLOCK OPTIMIZATION REPORT ######]

