Target Part: A3P250_VQFP100_STD
Report for cell Toplevel.rtl
  Core Cell usage:
              cell count     area count*area
              AND2    85      1.0       85.0
             AND2A     1      1.0        1.0
              AND3    14      1.0       14.0
               AO1   254      1.0      254.0
              AO18     1      1.0        1.0
              AO1A    71      1.0       71.0
              AO1B    14      1.0       14.0
              AO1C    18      1.0       18.0
              AO1D    18      1.0       18.0
              AOI1    20      1.0       20.0
             AOI1B     9      1.0        9.0
               AX1     3      1.0        3.0
              AX1A     4      1.0        4.0
              AX1B     9      1.0        9.0
              AX1C    43      1.0       43.0
              AX1D     5      1.0        5.0
              AX1E     2      1.0        2.0
              AXO3     1      1.0        1.0
              AXO5     2      1.0        2.0
             AXOI3     1      1.0        1.0
             AXOI4     2      1.0        2.0
             AXOI5     1      1.0        1.0
             AXOI7     4      1.0        4.0
              BUFF     2      1.0        2.0
            CLKINT     6      0.0        0.0
               GND    36      0.0        0.0
               INV    26      1.0       26.0
              MAJ3     4      1.0        4.0
             MIN3X     1      1.0        1.0
               MX2   351      1.0      351.0
              MX2A    29      1.0       29.0
              MX2B     5      1.0        5.0
              MX2C    10      1.0       10.0
             NAND2     2      1.0        2.0
            NAND3A     4      1.0        4.0
              NOR2   163      1.0      163.0
             NOR2A   292      1.0      292.0
             NOR2B   512      1.0      512.0
              NOR3    54      1.0       54.0
             NOR3A   156      1.0      156.0
             NOR3B   161      1.0      161.0
             NOR3C   136      1.0      136.0
               OA1    63      1.0       63.0
              OA1A    23      1.0       23.0
              OA1B    35      1.0       35.0
              OA1C    31      1.0       31.0
              OAI1     5      1.0        5.0
               OR2   227      1.0      227.0
              OR2A   130      1.0      130.0
              OR2B    50      1.0       50.0
               OR3   235      1.0      235.0
              OR3A    50      1.0       50.0
              OR3B    12      1.0       12.0
              OR3C     6      1.0        6.0
               VCC    36      0.0        0.0
               XA1    11      1.0       11.0
              XA1A    24      1.0       24.0
              XA1B     7      1.0        7.0
              XA1C     5      1.0        5.0
              XAI1     1      1.0        1.0
             XNOR2    49      1.0       49.0
             XNOR3    26      1.0       26.0
               XO1     5      1.0        5.0
              XO1A     7      1.0        7.0
              XOR2   264      1.0      264.0
              XOR3    11      1.0       11.0


          DFI1E1C1     2      1.0        2.0
            DFN0C1    39      1.0       39.0
            DFN0E0     6      1.0        6.0
          DFN0E0C1    42      1.0       42.0
          DFN0E0P1     9      1.0        9.0
            DFN0E1     3      1.0        3.0
          DFN0E1C1    53      1.0       53.0
            DFN0P1    23      1.0       23.0
              DFN1    25      1.0       25.0
            DFN1C0    83      1.0       83.0
            DFN1C1   196      1.0      196.0
            DFN1E0    27      1.0       27.0
          DFN1E0C1   120      1.0      120.0
          DFN1E0P1     7      1.0        7.0
            DFN1E1   348      1.0      348.0
          DFN1E1C0     8      1.0        8.0
          DFN1E1C1   367      1.0      367.0
          DFN1E1P1     1      1.0        1.0
            DFN1P0     1      1.0        1.0
            DFN1P1    41      1.0       41.0
            RAM4K9     4      0.0        0.0
         RAM512X18     2      0.0        0.0
                   -----          ----------
             TOTAL  5252              5168.0


  IO Cell usage:
              cell count
             BIBUF     5
             INBUF    12
            OUTBUF    32
           TRIBUFF     1
                   -----
             TOTAL    50


Core Cells         : 5168 of 6144 (84%)
IO Cells           : 50

  RAM/ROM Usage Summary
Block Rams : 6 of 8 (75%)

