Target Part: A3P250_VQFP100_STD
Report for cell Toplevel.rtl
  Core Cell usage:
              cell count     area count*area
              AND2    92      1.0       92.0
             AND2A     3      1.0        3.0
              AND3    82      1.0       82.0
               AO1   308      1.0      308.0
              AO1A    70      1.0       70.0
              AO1B    14      1.0       14.0
              AO1C    20      1.0       20.0
              AO1D    14      1.0       14.0
              AOI1    42      1.0       42.0
             AOI1A     2      1.0        2.0
             AOI1B    23      1.0       23.0
              AOI5     1      1.0        1.0
               AX1    27      1.0       27.0
              AX1A     2      1.0        2.0
              AX1B     6      1.0        6.0
              AX1C    40      1.0       40.0
              AX1D     2      1.0        2.0
              AX1E     1      1.0        1.0
              AXO1     8      1.0        8.0
              AXO5     1      1.0        1.0
             AXOI1     1      1.0        1.0
             AXOI4     2      1.0        2.0
             AXOI7     2      1.0        2.0
              BUFF     2      1.0        2.0
            CLKINT     6      0.0        0.0
               GND    28      0.0        0.0
               INV    35      1.0       35.0
              MAJ3    14      1.0       14.0
               MX2   303      1.0      303.0
              MX2A    16      1.0       16.0
              MX2B     3      1.0        3.0
              MX2C    12      1.0       12.0
             NAND2     2      1.0        2.0
            NAND3A     3      1.0        3.0
              NOR2   132      1.0      132.0
             NOR2A   344      1.0      344.0
             NOR2B   744      1.0      744.0
              NOR3    68      1.0       68.0
             NOR3A   145      1.0      145.0
             NOR3B   173      1.0      173.0
             NOR3C   163      1.0      163.0
               OA1    68      1.0       68.0
              OA1A    15      1.0       15.0
              OA1B    16      1.0       16.0
              OA1C    28      1.0       28.0
              OAI1     4      1.0        4.0
               OR2   247      1.0      247.0
              OR2A    95      1.0       95.0
              OR2B    60      1.0       60.0
               OR3   273      1.0      273.0
              OR3A    38      1.0       38.0
              OR3B    32      1.0       32.0
              OR3C    11      1.0       11.0
               VCC    28      0.0        0.0
               XA1    50      1.0       50.0
              XA1A     5      1.0        5.0
              XA1B    70      1.0       70.0
              XA1C    20      1.0       20.0
              XAI1     1      1.0        1.0
             XNOR2    61      1.0       61.0
             XNOR3    26      1.0       26.0
               XO1    38      1.0       38.0
              XO1A    10      1.0       10.0
              XOR2   384      1.0      384.0
              XOR3     6      1.0        6.0


          DFI1E1C1     2      1.0        2.0
            DFN0C1    40      1.0       40.0
            DFN0E0     3      1.0        3.0
          DFN0E0C1     4      1.0        4.0
          DFN0E0P1     6      1.0        6.0
            DFN0E1     6      1.0        6.0
          DFN0E1C1    23      1.0       23.0
            DFN0P1    17      1.0       17.0
              DFN1     4      1.0        4.0
            DFN1C0    83      1.0       83.0
            DFN1C1   174      1.0      174.0
            DFN1E0    24      1.0       24.0
          DFN1E0C1   428      1.0      428.0
          DFN1E0P1     3      1.0        3.0
            DFN1E1    27      1.0       27.0
          DFN1E1C0     8      1.0        8.0
          DFN1E1C1   678      1.0      678.0
          DFN1E1P1    20      1.0       20.0
            DFN1P0     1      1.0        1.0
            DFN1P1    43      1.0       43.0
              DLN0    16      1.0       16.0
            RAM4K9     4      0.0        0.0
         RAM512X18     2      0.0        0.0
                   -----          ----------
             TOTAL  6158              6090.0


  IO Cell usage:
              cell count
             BIBUF     3
             INBUF     7
            OUTBUF    36
                   -----
             TOTAL    46


Core Cells         : 6090 of 6144 (99%)
IO Cells           : 46

  RAM/ROM Usage Summary
Block Rams : 6 of 8 (75%)

