Target Part: A3P250_VQFP100_STD
Report for cell Toplevel.rtl
  Core Cell usage:
              cell count     area count*area
              AND2    84      1.0       84.0
             AND2A     1      1.0        1.0
              AND3    15      1.0       15.0
               AO1   191      1.0      191.0
              AO1A   111      1.0      111.0
              AO1B    18      1.0       18.0
              AO1C    23      1.0       23.0
              AO1D    22      1.0       22.0
              AOI1    21      1.0       21.0
             AOI1B     6      1.0        6.0
               AX1     6      1.0        6.0
              AX1A     4      1.0        4.0
              AX1B     6      1.0        6.0
              AX1C    34      1.0       34.0
              AX1D     6      1.0        6.0
              AX1E     1      1.0        1.0
              AXO5     1      1.0        1.0
              AXO6     1      1.0        1.0
             AXOI4     2      1.0        2.0
             AXOI7     1      1.0        1.0
              BUFF     2      1.0        2.0
            CLKINT     6      0.0        0.0
               GND    38      0.0        0.0
               INV    29      1.0       29.0
              MAJ3     4      1.0        4.0
             MIN3X     2      1.0        2.0
               MX2   292      1.0      292.0
              MX2A    23      1.0       23.0
              MX2B     8      1.0        8.0
              MX2C    11      1.0       11.0
             NAND2     2      1.0        2.0
            NAND3A     4      1.0        4.0
              NOR2   151      1.0      151.0
             NOR2A   329      1.0      329.0
             NOR2B   406      1.0      406.0
              NOR3    47      1.0       47.0
             NOR3A   147      1.0      147.0
             NOR3B   130      1.0      130.0
             NOR3C   121      1.0      121.0
               OA1    46      1.0       46.0
              OA1A    27      1.0       27.0
              OA1B    39      1.0       39.0
              OA1C    50      1.0       50.0
              OAI1     8      1.0        8.0
               OR2   192      1.0      192.0
              OR2A   101      1.0      101.0
              OR2B    53      1.0       53.0
               OR3   153      1.0      153.0
              OR3A    48      1.0       48.0
              OR3B    19      1.0       19.0
              OR3C     7      1.0        7.0
               VCC    38      0.0        0.0
               XA1    21      1.0       21.0
              XA1A    20      1.0       20.0
              XA1B    66      1.0       66.0
              XA1C     4      1.0        4.0
              XAI1     1      1.0        1.0
             XNOR2    47      1.0       47.0
             XNOR3    26      1.0       26.0
               XO1    26      1.0       26.0
              XO1A     5      1.0        5.0
              XOR2   289      1.0      289.0
              XOR3    11      1.0       11.0


            DFN0C1    39      1.0       39.0
            DFN0E0     6      1.0        6.0
          DFN0E0C1     3      1.0        3.0
          DFN0E0P1     6      1.0        6.0
            DFN0E1     3      1.0        3.0
          DFN0E1C1    54      1.0       54.0
            DFN0P1    23      1.0       23.0
              DFN1    54      1.0       54.0
            DFN1C0    83      1.0       83.0
            DFN1C1   182      1.0      182.0
            DFN1E0    26      1.0       26.0
          DFN1E0C1   106      1.0      106.0
          DFN1E0P1     4      1.0        4.0
            DFN1E1   110      1.0      110.0
          DFN1E1C0     8      1.0        8.0
          DFN1E1C1   546      1.0      546.0
          DFN1E1P1    21      1.0       21.0
            DFN1P0     1      1.0        1.0
            DFN1P1    36      1.0       36.0
              DLN0    16      1.0       16.0
            RAM4K9     4      0.0        0.0
         RAM512X18     2      0.0        0.0
                   -----          ----------
             TOTAL  4936              4848.0


  IO Cell usage:
              cell count
             BIBUF     5
             INBUF    12
            OUTBUF    32
           TRIBUFF     1
                   -----
             TOTAL    50


Core Cells         : 4848 of 6144 (79%)
IO Cells           : 50

  RAM/ROM Usage Summary
Block Rams : 6 of 8 (75%)

