Target Part: A3P250_VQFP100_STD
Report for cell Toplevel.rtl
  Core Cell usage:
              cell count     area count*area
              AND2   128      1.0      128.0
             AND2A     2      1.0        2.0
              AND3    16      1.0       16.0
               AO1   310      1.0      310.0
              AO16     1      1.0        1.0
              AO18     4      1.0        4.0
              AO1A    72      1.0       72.0
              AO1B    13      1.0       13.0
              AO1C    24      1.0       24.0
              AO1D    18      1.0       18.0
              AOI1    25      1.0       25.0
             AOI1B    13      1.0       13.0
               AX1    10      1.0       10.0
              AX1A     3      1.0        3.0
              AX1B    11      1.0       11.0
              AX1C    42      1.0       42.0
              AX1D     3      1.0        3.0
              AX1E     2      1.0        2.0
              AXO5     2      1.0        2.0
             AXOI3     1      1.0        1.0
             AXOI4     4      1.0        4.0
             AXOI7     3      1.0        3.0
              BUFF     2      1.0        2.0
            CLKINT     6      0.0        0.0
               GND    34      0.0        0.0
               INV    27      1.0       27.0
              MIN3     1      1.0        1.0
             MIN3X     1      1.0        1.0
               MX2   426      1.0      426.0
              MX2A    33      1.0       33.0
              MX2B    15      1.0       15.0
              MX2C    12      1.0       12.0
             NAND2     2      1.0        2.0
            NAND3A     3      1.0        3.0
              NOR2   176      1.0      176.0
             NOR2A   334      1.0      334.0
             NOR2B   580      1.0      580.0
              NOR3    57      1.0       57.0
             NOR3A   148      1.0      148.0
             NOR3B   150      1.0      150.0
             NOR3C   159      1.0      159.0
               OA1    42      1.0       42.0
              OA1A    26      1.0       26.0
              OA1B    32      1.0       32.0
              OA1C    43      1.0       43.0
              OAI1    10      1.0       10.0
               OR2   202      1.0      202.0
              OR2A   102      1.0      102.0
              OR2B    59      1.0       59.0
               OR3   199      1.0      199.0
              OR3A    47      1.0       47.0
              OR3B    25      1.0       25.0
              OR3C     9      1.0        9.0
               VCC    34      0.0        0.0
               XA1    29      1.0       29.0
              XA1A    17      1.0       17.0
              XA1B    18      1.0       18.0
              XA1C     4      1.0        4.0
             XNOR2    66      1.0       66.0
             XNOR3    45      1.0       45.0
               XO1     4      1.0        4.0
              XO1A     6      1.0        6.0
              XOR2   295      1.0      295.0
              XOR3    10      1.0       10.0


            DFN0C1    44      1.0       44.0
            DFN0E0     6      1.0        6.0
          DFN0E0C1    49      1.0       49.0
          DFN0E0P1     9      1.0        9.0
            DFN0E1     3      1.0        3.0
          DFN0E1C1    54      1.0       54.0
            DFN0P1    26      1.0       26.0
              DFN1    25      1.0       25.0
            DFN1C0   101      1.0      101.0
            DFN1C1   209      1.0      209.0
            DFN1E0    54      1.0       54.0
          DFN1E0C1   124      1.0      124.0
          DFN1E0P1     6      1.0        6.0
            DFN1E1   385      1.0      385.0
          DFN1E1C0     8      1.0        8.0
          DFN1E1C1   393      1.0      393.0
          DFN1E1P1    43      1.0       43.0
            DFN1P0     1      1.0        1.0
            DFN1P1    45      1.0       45.0
            RAM4K9     8      0.0        0.0
                   -----          ----------
             TOTAL  5790              5708.0


  IO Cell usage:
              cell count
             BIBUF     5
             INBUF    13
            OUTBUF    32
           TRIBUFF     1
                   -----
             TOTAL    51


Core Cells         : 5708 of 6144 (93%)
IO Cells           : 51

  RAM/ROM Usage Summary
Block Rams : 8 of 8 (100%)

